input_processing.c:54:6:display7SEG	16	static
input_processing.c:58:6:update7SEG	16	static
input_processing.c:78:6:update7SEGMain	8	static
input_processing.c:83:6:fsm_for_mode_button	8	static
input_processing.c:148:9:done_interval	4	static
input_processing.c:157:6:fsm_for_modify_button	8	static
input_processing.c:234:6:fsm_for_set_button	8	static
input_processing.c:261:6:mainMode	8	static
input_processing.c:278:6:mode_normal	4	static
input_processing.c:347:6:mode_mod_red	4	static
input_processing.c:363:6:mode_mod_yellow	4	static
input_processing.c:379:6:mode_mod_green	4	static
input_processing.c:395:6:updateSEGBuffer	4	static
input_processing.c:408:6:displayAll	4	static
